[2016-09-01 18:40:57.131] [DEBUG] iTunes - log test!!!!
[2016-09-01 18:46:31.519] [DEBUG] iTunes - log test!!!!
[2016-09-01 18:54:48.834] [DEBUG] iTunes - log test!!!!
[2016-09-01 18:57:08.116] [DEBUG] iTunes - log test!!!!
[2016-09-01 19:00:20.897] [DEBUG] iTunes - log test!!!!
[2016-09-01 19:07:27.637] [DEBUG] iTunes - log test!!!!
[2016-09-01 19:13:28.071] [DEBUG] iTunes - log test!!!!
[2016-09-01 19:14:20.840] [DEBUG] iTunes - log test!!!!
[2016-09-01 19:15:12.686] [DEBUG] iTunes - log test!!!!
[2016-09-01 19:16:53.525] [DEBUG] iTunes - log test!!!!
[2016-09-01 19:18:52.099] [DEBUG] iTunes - log test!!!!
[2016-09-01 19:20:19.021] [DEBUG] iTunes - log test!!!!
[2016-09-01 19:21:17.402] [DEBUG] iTunes - log test!!!!
[2016-09-01 19:22:21.846] [DEBUG] iTunes - log test!!!!
[2016-09-01 19:23:14.301] [DEBUG] iTunes - log test!!!!
